Takahashi might get the 1st place
The memo must be wrong
