1 1 18446744073709551614 7156334549604198409 5893837254661243073 11290409524105353206 1851073793877042652 6387559487065781530 10238440391911562788 4437985372483032842 7848075886096899333 1584478287860827173 12600881811381958477 3270981160664397218 17529507309351360274 100266085651560874 1725589564589995945
