220800069 663178740 402492745 787371697 340681055 764687638 248275291 239071271 579317784 142439206 202142764 449124008 17082226 208225793 292943419 63532736 780653882 855023292 155627784 988995756
