aaaabcd
-1
abcdefghijklmnop
a
-1
abcdeeefghijkl
abcdefghijklmnopqrrrrrstuvwxyz
