97297200 239500800 441579600 78828847 496821247 97297200
