6
2 3 6 5 4 1
2 6 3 4 5 1
3 2 6 4 5 1
3 6 2 5 4 1
6 2 3 5 4 1
6 3 2 4 5 1
