9006004 12004000 36012000 48008000 66010000 74002000
