205001 2733669 22444763 8201007 115532895 978118598 182867184 683781124 283511483 82010070 135215245 487076637 271695954 473451928 217234716 349364028 711882268 472200539 360235417 248161311 666997398 886133207 465643853 863287257 136771343 714472215 407369010
